...
   Compiling no_roots v0.1.0 ([CWD])
    Finished `dev` profile [unoptimized + debuginfo] target(s) in [..]s
