...
    Finished `dev` profile [unoptimized + debuginfo] target(s) in [..]s
